// Jest Snapshot v1, https://goo.gl/fbAQLP

exports[`pruebas con el entry component debe de hacer match con el snapshot 1`] = `
<div class="entry-container mb-3 pointer p-2">
  <div class="entry-title d-flex"><span class="text-success fs-5 fw-bold">15</span><span class="mx-1 fs-5">Noviembre</span><span class="mx-2 fw-light">2021, Lunes</span></div>
  <div class="entry-description">Que voy hacer hoy
  </div>
</div>
`;
